2026-02-02 09 : 29 : 04 : ▶ 경로가 설정되었습니다. (DW_Sealer_Single.exe)
2026-02-02 09 : 29 : 21 : ▶ 경로가 설정되었습니다. (DW_Sealer_Single.exe)
2026-02-02 09 : 29 : 54 : ▶  프로그램이 재시작 되었습니다.
2026-02-02 09 : 30 : 05 : ▶  프로그램이 재시작 되었습니다.
2026-02-02 09 : 30 : 15 : ▶  프로그램이 재시작 되었습니다.
2026-02-02 09 : 30 : 22 : ▶ 감시 주기가 3000ms 로 설정되었습니다.
2026-02-02 09 : 30 : 34 : ▶  프로그램이 재시작 되었습니다.
2026-02-02 09 : 30 : 40 : ▶  프로그램이 재시작 되었습니다.
2026-02-02 09 : 30 : 44 : ▶  프로그램 감시가 중지 되었습니다.
2026-02-02 09 : 31 : 12 : ▶  프로그램이 재시작 되었습니다.
2026-02-02 09 : 31 : 25 : ▶  프로그램이 재시작 되었습니다.
2026-02-02 09 : 31 : 32 : ▶  프로그램이 재시작 되었습니다.
2026-02-02 09 : 31 : 38 : ▶  프로그램이 재시작 되었습니다.
2026-02-02 09 : 37 : 23 : ▶  경로가 설정되었습니다. (E:\Vision PG\DW_Sealer_Single\DW_Sealer_Single C 20260128 A\DW_Sealer_Single\bin\x64\Release\DW_Sealer_Single.exe)
2026-02-02 09 : 39 : 09 : ▶  경로가 설정되었습니다. (E:\Vision PG\DW_Sealer_Single\DW_Sealer_Single C 20260128 A\DW_Sealer_Single\bin\x64\Release\DW_Sealer_Single.exe)
2026-02-02 09 : 42 : 52 : ▶ 경로가 설정되었습니다. [DW_Sealer_Single.exe] (E:\Vision PG\DW_Sealer_Single\DW_Sealer_Single C 20260128 A\DW_Sealer_Single\bin\x64\Release\DW_Sealer_Single.exe)
2026-02-02 09 : 43 : 31 : ▶ 경로가 설정되었습니다. [DW_Sealer_Single.exe] (E:\Vision PG\DW_Sealer_Single\DW_Sealer_Single C 20260128 A\DW_Sealer_Single\bin\x64\Release\DW_Sealer_Single.exe)
2026-02-02 09 : 43 : 40 : ▶  프로그램이 재시작 되었습니다.
2026-02-02 09 : 44 : 01 : ▶  프로그램이 재시작 되었습니다.
2026-02-02 09 : 44 : 06 : ▶  프로그램이 재시작 되었습니다.
